
> portfolio-idea@0.0.0 build
> tsc -b && vite build

src/App.tsx(3,1): error TS6133: 'FormsResearch' is declared but its value is never read.
src/App.tsx(3,27): error TS2307: Cannot find module './components/FormsResearch' or its corresponding type declarations.
src/App.tsx(4,1): error TS6133: 'Collage' is declared but its value is never read.
